// Jest Snapshot v1, https://goo.gl/fbAQLP

exports[`Home page matches snapshot 1`] = `
<DocumentFragment>
  <button>
    Sign In with Spotify
  </button>
</DocumentFragment>
`;
